[6nload    : std/core
load    : std/os/process
load    : std/text/regex
load    : std/num/float64
load    : std/core/types
load    : std/core/unsafe
load    : std/core/undiv
load    : std/core/exn
load    : std/core/hnd
load    : std/core/order
load    : std/core/bool
load    : std/core/sslice
load    : std/core/char
load    : std/core/int
load    : std/core/string
load    : std/core/vector
load    : std/core/list
load    : std/core/maybe2
load    : std/core/maybe
load    : std/core/either
load    : std/core/lazy
load    : std/core/tuple
load    : std/core/show
load    : std/core/debug
load    : std/core/console
load    : std/core/delayed
load    : std/num/int32
load    : std/os/path
load    : std/num/int64
load    : std/text/parse
parse   : .../std/os/process.kk
parse   : .../run-benchmarks.kk
check   : std/os/process
check   : run-benchmarks
linking : run-benchmarks/@main
created : .koka/v3.2.2/gcc-debug-11380e/run_dash_benchmarks__main
Running command: stack run koka -- -l --dmcfa analysis/benchmarks/handlers/nim.kk --sweep --ma=6 --da=4 2>&1
Analysis results (correct/total) [time in seconds]
dmcfa handlers/nim
(0,1,2,7,0.062759074999999998)
(0,2,2,7,0.11888969200000001)
(0,3,3,7,0.184932234)
(0,4,3,7,0.24836192100000001)
(0,5,4,7,0.438896067)
(0,6,5,7,0.70578782399999995)
(1,1,2,7,0.072346043999999998)
(1,2,2,7,0.223615334)
(1,3,3,7,0.434768767)
(1,4,3,7,0.61529154200000002)
(1,5,4,7,0.94060645300000001)
(1,6,5,7,1.339369354)
(2,1,2,7,0.081630097999999998)
(2,2,2,7,0.174989692)
(2,3,3,7,0.19421238099999999)
(2,4,5,7,0.25135392400000001)
(2,5,5,7,0.36437240999999998)
(2,6,6,7,0.61856868700000001)
(3,1,2,7,0.086925047000000005)
(3,2,2,7,0.18422851100000001)
(3,3,3,7,0.20592640800000001)
(3,4,5,7,0.26569237800000001)
(3,5,5,7,0.42520702500000002)
(3,6,6,7,0.63651484300000005)
(4,1,2,7,0.089103482999999997)
(4,2,2,7,0.189243148)
(4,3,3,7,0.20971028899999999)
(4,4,5,7,0.26875788900000003)
(4,5,5,7,0.38514564200000001)
(4,6,6,7,0.63927866099999997)
